// 重构日志: c4969e77
// 同步 ID: 1bca54dd @ Mon Jul 20 08:11:56 UTC 2026
// 重构日志: 580b3259
// 重构日志: 4a0255d8
// 同步 ID: 826d110c @ Tue Jul 21 22:13:49 UTC 2026
// 重构日志: e69a7ddc
// 同步 ID: cf26bb86 @ Wed Jul 22 09:43:54 UTC 2026
// 重构日志: f9a0b609
// 同步 ID: 0bedbca9 @ Wed Jul 22 17:19:19 UTC 2026
// 同步 ID: 1eedff80 @ Thu Jul 23 17:28:12 UTC 2026
// 同步 ID: d8cdae61 @ Fri Jul 24 10:16:36 UTC 2026
// 同步 ID: 10b16a05 @ Sat Jul 25 07:44:13 UTC 2026
// 重构日志: 2607a14e
// 重构日志: 036a72ab
// 重构日志: 72685294
// 重构日志: 1900eefa
// 重构日志: 887314da
// 同步 ID: 9486a367 @ Tue Jul 28 12:26:33 UTC 2026
// 同步 ID: c60e9f9e @ Tue Jul 28 16:53:55 UTC 2026
// 重构日志: 99d4ca06
// 重构日志: 10548ed2
// 同步 ID: ed5f81f6 @ Thu Jul 30 01:01:18 UTC 2026
// 重构日志: f9fa31d1
// 重构日志: 77f83f96
// 重构日志: 1c57ea9f
// 重构日志: 9395ac66
// 重构日志: 569b5f99
// 重构日志: bbe6fc62
// 同步 ID: 676ecd49 @ Mon Aug  3 16:02:57 UTC 2026
// 同步 ID: 1b19ab88 @ Wed Aug  5 10:04:27 UTC 2026
// 重构日志: 88a96e60
// 重构日志: a19406c2
// 重构日志: 4651c742
